Microchip MPLAB XC8 Compiler V3.10

Linker command line:

-W-3 \
  --edf=C:\Program Files\Microchip\xc8\v3.10\pic\dat\20250813170317_en.msgs \
  -cn -h+dist/default/production\I2C_Master.X.production.sym \
  --cmf=dist/default/production\I2C_Master.X.production.cmf -z -Q16F873A \
  -oC:\Users\irmin\AppData\Local\Temp\xcAsx74.0\driver_tmp_3.o \
  --defsym=__MPLAB_BUILD=1 --fixupoverflow=error \
  -Mdist/default/production/I2C_Master.X.production.map \
  --md=C:\Users\irmin\AppData\Local\Temp\xcAsx74.0\driver_tmp_0.dat -E1 \
  -ver=XC8 Compiler -ACODE=00h-07FFhx2 -ASTRCODE=00h-0FFFh \
  -ASTRING=00h-0FFhx16 -ACONST=00h-0FFhx16 -AENTRY=00h-0FFhx16 \
  -ABANK0=020h-07Dh -ABANK1=0A0h-0FDh -ARAM=020h-07Dh,0A0h-0FDh \
  -AABS1=020h-07Fh,0A0h-0FFh -ACOMMON=07Eh-07Fh -ASFR0=00h-01Fh \
  -ASFR1=080h-09Fh -ASFR2=0100h-017Dh -ASFR3=0180h-01FDh \
  -ACONFIG=02007h-02007h -DCONFIG=2 -AIDLOC=02000h-02003h -DIDLOC=2 \
  -AEEDATA=00h-07Fh/02100h -peeprom_data=EEDATA -DEEDATA=2 -DCODE=2 \
  -DSTRCODE=2 -DSTRING=2 -DCONST=2 -DENTRY=2 \
  -preset_vec=00h,intentry,sivt,init,end_init -ppowerup=CODE -pcinit=CODE \
  -pfunctab=ENTRY -k \
  C:\Users\irmin\AppData\Local\Temp\xcAsx74.0\driver_tmp_12.o \
  dist/default/production\I2C_Master.X.production.o 

Object code version is 3.11

Machine type is 16F873A



                Name                               Link     Load   Length Selector   Space Scale
C:\Users\irmin\AppData\Local\Temp\xcAsx74.0\driver_tmp_12.o
                end_init                              0        0        2        0       0
                config                             2007     2007        1        0       4
dist/default/production\I2C_Master.X.production.o
                cinit                               7EB      7EB       15      FD6       0
                config                             2007     2007        1        0       4
                text31                              207      207       12      40E       0
                text30                              1AA      1AA        D      354       0
                text29                              192      192        C      324       0
                text28                              19E      19E        C      33C       0
                text27                              1C6      1C6       10      38C       0
                text26                              17C      17C        B      2F8       0
                text25                              187      187        B      30E       0
                text24                              240      240       1B      480       0
                text23                              537      537       6D      A6E       0
                text22                              472      472       62      8E4       0
                text21                              1B7      1B7        F      36E       0
                text20                              22C      22C       14      458       0
                text19                              2F0      2F0       28      5E0       0
                text18                              292      292       1D      524       0
                text17                              4D4      4D4       63      9A8       0
                text16                              340      340       30      680       0
                text15                              419      419       59      832       0
                text14                              318      318       28      630       0
                text13                              2AF      2AF       1F      55E       0
                text12                              172      172        A      2E4       0
                text11                              276      276       1C      4EC       0
                text10                              2CE      2CE       22      59C       0
                text9                               5A4      5A4       89      B48       0
                text8                               162      162        8      2C4       0
                text7                               25B      25B       1B      4B6       0
                text6                               219      219       13      432       0
                text5                               3DB      3DB       3E      7B6       0
                text4                               370      370       33      6E0       0
                text3                               1D6      1D6       10      3AC       0
                text2                               70B      70B       E0      E16       0
                text1                               3A3      3A3       38      746       0
                maintext                            62D      62D       DE      C5A       0
                cstackBANK0                          20       20       2D       20       1
                clrtext                             16A      16A        8      2D4       0
                inittext                            1F6      1F6       11      3EC       0
                dataBANK1                            A0       A0       10       A0       1
                bssBANK0                             4D       4D       25       20       1
                strings                               2        2       43        4       0
                idataBANK1                          1E6      1E6       10      3CC       0

TOTAL           Name                               Link     Load   Length     Space
        CLASS   CODE           
                end_init                              0        0        2         0
                cinit                               7EB      7EB       15         0
                text31                              207      207       12         0
                text30                              1AA      1AA        D         0
                text29                              192      192        C         0
                text28                              19E      19E        C         0
                text27                              1C6      1C6       10         0
                text26                              17C      17C        B         0
                text25                              187      187        B         0
                text24                              240      240       1B         0
                text23                              537      537       6D         0
                text22                              472      472       62         0
                text21                              1B7      1B7        F         0
                text20                              22C      22C       14         0
                text19                              2F0      2F0       28         0
                text18                              292      292       1D         0
                text17                              4D4      4D4       63         0
                text16                              340      340       30         0
                text15                              419      419       59         0
                text14                              318      318       28         0
                text13                              2AF      2AF       1F         0
                text12                              172      172        A         0
                text11                              276      276       1C         0
                text10                              2CE      2CE       22         0
                text9                               5A4      5A4       89         0
                text8                               162      162        8         0
                text7                               25B      25B       1B         0
                text6                               219      219       13         0
                text5                               3DB      3DB       3E         0
                text4                               370      370       33         0
                text3                               1D6      1D6       10         0
                text2                               70B      70B       E0         0
                text1                               3A3      3A3       38         0
                maintext                            62D      62D       DE         0
                clrtext                             16A      16A        8         0
                inittext                            1F6      1F6       11         0
                idataBANK1                          1E6      1E6       10         0

        CLASS   STRCODE        

        CLASS   STRING         
                strings                               2        2       43         0

        CLASS   CONST          

        CLASS   ENTRY          

        CLASS   BANK0          
                cstackBANK0                          20       20       2D         1
                bssBANK0                             4D       4D       25         1

        CLASS   BANK1          
                dataBANK1                            A0       A0       10         1

        CLASS   RAM            

        CLASS   ABS1           
                abs_s1                               7E       7E        2         1

        CLASS   COMMON         

        CLASS   SFR0           

        CLASS   SFR1           

        CLASS   SFR2           

        CLASS   SFR3           

        CLASS   CONFIG         
                config                             2007     2007        1         4

        CLASS   IDLOC          

        CLASS   EEDATA         

        CLASS   BANK3          

        CLASS   BANK2          

        CLASS   HEAP           

        CLASS   STACK          



SEGMENTS        Name                           Load    Length   Top    Selector   Space  Class     Delta

                reset_vec                      000000  000002  000002         0       0  CODE        2
                strings                        000002  000043  000045         4       0  STRING      2
                cstackBANK0                    000020  000052  000072        20       1  BANK0       1
                dataBANK1                      0000A0  000010  0000B0        A0       1  BANK1       1
                text8                          000162  000008  00016A       2C4       0  CODE        2
                clrtext                        00016A  000008  000172       2D4       0  CODE        2
                text12                         000172  00000A  00017C       2E4       0  CODE        2
                text26                         00017C  00000B  000187       2F8       0  CODE        2
                text25                         000187  00000B  000192       30E       0  CODE        2
                text29                         000192  00000C  00019E       324       0  CODE        2
                text28                         00019E  00000C  0001AA       33C       0  CODE        2
                text30                         0001AA  00000D  0001B7       354       0  CODE        2
                text21                         0001B7  00000F  0001C6       36E       0  CODE        2
                text27                         0001C6  000010  0001D6       38C       0  CODE        2
                text3                          0001D6  000010  0001E6       3AC       0  CODE        2
                idataBANK1                     0001E6  000010  0001F6       3CC       0  CODE        2
                inittext                       0001F6  000011  000207       3EC       0  CODE        2
                text31                         000207  000012  000219       40E       0  CODE        2
                text6                          000219  000013  00022C       432       0  CODE        2
                text20                         00022C  000014  000240       458       0  CODE        2
                text24                         000240  00001B  00025B       480       0  CODE        2
                text7                          00025B  00001B  000276       4B6       0  CODE        2
                text11                         000276  00001C  000292       4EC       0  CODE        2
                text18                         000292  00001D  0002AF       524       0  CODE        2
                text13                         0002AF  00001F  0002CE       55E       0  CODE        2
                text10                         0002CE  000022  0002F0       59C       0  CODE        2
                text19                         0002F0  000028  000318       5E0       0  CODE        2
                text14                         000318  000028  000340       630       0  CODE        2
                text16                         000340  000030  000370       680       0  CODE        2
                text4                          000370  000033  0003A3       6E0       0  CODE        2
                text1                          0003A3  000038  0003DB       746       0  CODE        2
                text5                          0003DB  00003E  000419       7B6       0  CODE        2
                text15                         000419  000059  000472       832       0  CODE        2
                text22                         000472  000062  0004D4       8E4       0  CODE        2
                text17                         0004D4  000063  000537       9A8       0  CODE        2
                text23                         000537  00006D  0005A4       A6E       0  CODE        2
                text9                          0005A4  000089  00062D       B48       0  CODE        2
                maintext                       00062D  0000DE  00070B       C5A       0  CODE        2
                text2                          00070B  0000E0  0007EB       E16       0  CODE        2
                cinit                          0007EB  000015  000800       FD6       0  CODE        2


UNUSED ADDRESS RANGES

        Name                Unused          Largest block    Delta
        BANK0            0072-007D              C           1
        BANK1            00B0-00FD             4E           1
        CODE             0045-0161            11D           2
                         0800-0FFF            800
        CONST            0045-0161             BB           2
                         0800-0FFF            100
        EEDATA           2100-217F             80           2
        ENTRY            0045-0161             BB           2
                         0800-0FFF            100
        IDLOC            2000-2003              4           2
        RAM              0072-007D              C           1
                         00B0-00FD             4E
        SFR0             0000-001F             20           1
        SFR1             0080-009F             20           1
        SFR2             0100-017D             7E           1
        SFR3             0180-01FD             7E           1
        STRCODE          0045-0161            11D           2
                         0800-0FFF            800
        STRING           0045-0161             BB           2
                         0800-0FFF            100

                                  Symbol Table

?___awmod                       cstackBANK0  0020
?_strlen                        cstackBANK0  0020
I2C_PollMessage@buf             cstackBANK0  0022
I2C_PollMessage@i               cstackBANK0  0026
I2C_PollMessage@len             cstackBANK0  0027
I2C_PollMessage@maxLen          cstackBANK0  0023
I2C_Read@data                   cstackBANK0  0020
I2C_SendMessage@i               cstackBANK0  0025
I2C_SendMessage@len             cstackBANK0  0023
I2C_SendMessage@msg             cstackBANK0  0022
I2C_Write@data                  cstackBANK0  0021
_ADCON1                         (abs)        009F
_I2C_Ack                        text29       0192
_I2C_Init_Master                text31       0207
_I2C_Nack                       text28       019E
_I2C_PollMessage                text23       0537
_I2C_Read                       text27       01C6
_I2C_SendMessage                text16       0340
_I2C_Start                      text26       017C
_I2C_Stop                       text25       0187
_I2C_Wait                       text30       01AA
_I2C_Write                      text24       0240
_PIR1bits                       (abs)        000C
_PORTA                          (abs)        0005
_PORTAbits                      (abs)        0005
_PORTB                          (abs)        0006
_PORTC                          (abs)        0007
_PORTCbits                      (abs)        0007
_SSPADD                         (abs)        0093
_SSPBUF                         (abs)        0013
_SSPCON                         (abs)        0014
_SSPCON2                        (abs)        0091
_SSPCON2bits                    (abs)        0091
_SSPSTAT                        (abs)        0094
_SSPSTATbits                    (abs)        0094
_TRISA                          (abs)        0085
_TRISB                          (abs)        0086
_TRISC                          (abs)        0087
_TRISCbits                      (abs)        0087
__H__absolute__                 __absolute__ 0000
__Habs1                         abs1         0000
__Hbank0                        bank0        0000
__Hbank1                        bank1        0000
__Hbank2                        bank2        0000
__Hbank3                        bank3        0000
__HbssBANK0                     bssBANK0     0000
__Hcinit                        cinit        0800
__Hclrtext                      clrtext      0000
__Hcode                         code         0000
__Hcommon                       common       0000
__Hconfig                       config       2008
__HcstackBANK0                  cstackBANK0  0000
__HcstackCOMMON                 cstackCOMMON 0000
__HdataBANK1                    dataBANK1    0000
__Heeprom_data                  eeprom_data  0000
__Hend_init                     end_init     0002
__Hfunctab                      functab      0000
__Hheap                         heap         0000
__HidataBANK1                   idataBANK1   0000
__Hinit                         init         0000
__Hinittext                     inittext     0000
__Hintentry                     intentry     0000
__Hmaintext                     maintext     0000
__Hpowerup                      powerup      0000
__Hram                          ram          0000
__Hreset_vec                    reset_vec    0000
__Hsfr0                         sfr0         0000
__Hsfr1                         sfr1         0000
__Hsfr2                         sfr2         0000
__Hsfr3                         sfr3         0000
__Hsivt                         sivt         0000
__Hspace_0                      (abs)        0800
__Hspace_1                      (abs)        00B0
__Hspace_2                      (abs)        0000
__Hspace_3                      (abs)        0000
__Hspace_4                      (abs)        400F
__Hstack                        stack        0000
__Hstrings                      strings      0000
__Htext                         text         0000
__L__absolute__                 __absolute__ 0000
__Labs1                         abs1         0000
__Lbank0                        bank0        0000
__Lbank1                        bank1        0000
__Lbank2                        bank2        0000
__Lbank3                        bank3        0000
__LbssBANK0                     bssBANK0     0000
__Lcinit                        cinit        07EB
__Lclrtext                      clrtext      0000
__Lcode                         code         0000
__Lcommon                       common       0000
__Lconfig                       config       0000
__LcstackBANK0                  cstackBANK0  0000
__LcstackCOMMON                 cstackCOMMON 0000
__LdataBANK1                    dataBANK1    0000
__Leeprom_data                  eeprom_data  0000
__Lend_init                     end_init     0000
__Lfunctab                      functab      0000
__Lheap                         heap         0000
__LidataBANK1                   idataBANK1   0000
__Linit                         init         0000
__Linittext                     inittext     0000
__Lintentry                     intentry     0000
__Lmaintext                     maintext     0000
__Lpowerup                      powerup      0000
__Lram                          ram          0000
__Lreset_vec                    reset_vec    0000
__Lsfr0                         sfr0         0000
__Lsfr1                         sfr1         0000
__Lsfr2                         sfr2         0000
__Lsfr3                         sfr3         0000
__Lsivt                         sivt         0000
__Lspace_0                      (abs)        0000
__Lspace_1                      (abs)        0000
__Lspace_2                      (abs)        0000
__Lspace_3                      (abs)        0000
__Lspace_4                      (abs)        0000
__Lstack                        stack        0000
__Lstrings                      strings      0000
__Ltext                         text         0000
__S0                            (abs)        0800
__S1                            (abs)        00B0
__S3                            (abs)        0000
___awmod                        text15       0419
___awmod@counter                cstackBANK0  0024
___awmod@dividend               cstackBANK0  0022
___awmod@divisor                cstackBANK0  0020
___awmod@sign                   cstackBANK0  0025
___heap_hi                      (abs)        0000
___heap_lo                      (abs)        0000
___int_sp                       stack        0000
___int_stack_hi                 stack        0000
___int_stack_lo                 stack        0000
___latbits                      (abs)        0001
___sp                           stack        0000
___stack_hi                     stack        0000
___stack_lo                     stack        0000
___stackhi                      (abs)        0000
___stacklo                      (abs)        0000
__end_of_I2C_Ack                text29       019E
__end_of_I2C_Init_Master        text31       0219
__end_of_I2C_Nack               text28       01AA
__end_of_I2C_PollMessage        text23       05A4
__end_of_I2C_Read               text27       01D6
__end_of_I2C_SendMessage        text16       0370
__end_of_I2C_Start              text26       0187
__end_of_I2C_Stop               text25       0192
__end_of_I2C_Wait               text30       01B7
__end_of_I2C_Write              text24       025B
__end_of___awmod                text15       0472
__end_of__initialization        cinit        07FD
__end_of__stringtab             strings      0012
__end_of_apply_case             text14       0340
__end_of_buzzer_beep            text13       02CE
__end_of_kb_scan                text22       04D4
__end_of_lcd_char               text12       017C
__end_of_lcd_cmd                text18       02AF
__end_of_lcd_init               text17       0537
__end_of_lcd_pulse_enable       text21       01C6
__end_of_lcd_refresh            text9        062D
__end_of_lcd_send_byte          text19       0318
__end_of_lcd_send_nibble        text20       0240
__end_of_lcd_set_cursor         text11       0292
__end_of_main                   maintext     070B
__end_of_memset                 text7        0276
__end_of_multitap_commit        text8        016A
__end_of_process_key            text2        07EB
__end_of_strlen                 text10       02F0
__end_of_strncpy                text1        03DB
__end_of_text_clear_send        text6        022C
__end_of_text_delete            text5        0419
__end_of_text_insert_char       text4        03A3
__end_of_text_replace_prev_char text3        01E6
__initialization                cinit        07EB
__pbssBANK0                     bssBANK0     004D
__pcstackBANK0                  cstackBANK0  0020
__pcstackCOMMON                 cstackCOMMON 0000
__pdataBANK1                    dataBANK1    00A0
__pidataBANK1                   idataBANK1   01E6
__pmaintext                     maintext     062D
__pstrings                      strings      0002
__ptext1                        text1        03A3
__ptext10                       text10       02CE
__ptext11                       text11       0276
__ptext12                       text12       0172
__ptext13                       text13       02AF
__ptext14                       text14       0318
__ptext15                       text15       0419
__ptext16                       text16       0340
__ptext17                       text17       04D4
__ptext18                       text18       0292
__ptext19                       text19       02F0
__ptext2                        text2        070B
__ptext20                       text20       022C
__ptext21                       text21       01B7
__ptext22                       text22       0472
__ptext23                       text23       0537
__ptext24                       text24       0240
__ptext25                       text25       0187
__ptext26                       text26       017C
__ptext27                       text27       01C6
__ptext28                       text28       019E
__ptext29                       text29       0192
__ptext3                        text3        01D6
__ptext30                       text30       01AA
__ptext31                       text31       0207
__ptext4                        text4        0370
__ptext5                        text5        03DB
__ptext6                        text6        0219
__ptext7                        text7        025B
__ptext8                        text8        0162
__ptext9                        text9        05A4
__stringbase                    strings      0011
__stringtab                     strings      0002
_apply_case                     text14       0318
_apply_case$382                 cstackBANK0  0022
_buzzer_beep                    text13       02AF
_cursorPos                      bssBANK0     0055
_kb_scan                        text22       0472
_keyChars                       dataBANK1    00A0
_lastKey                        bssBANK0     0052
_lcd_char                       text12       0172
_lcd_cmd                        text18       0292
_lcd_init                       text17       04D4
_lcd_pulse_enable               text21       01B7
_lcd_refresh                    text9        05A4
_lcd_refresh$297                cstackBANK0  002F
_lcd_refresh$299                cstackBANK0  0031
_lcd_send_byte                  text19       02F0
_lcd_send_nibble                text20       022C
_lcd_set_cursor                 text11       0276
_lcd_set_cursor$292             cstackBANK0  002A
_main                           maintext     062D
_memset                         text7        025B
_multitap_commit                text8        0162
_pollTimer                      bssBANK0     004D
_process_key                    text2        070B
_recvBuf                        bssBANK0     0056
_sendBuf                        bssBANK0     0064
_sendLen                        bssBANK0     0054
_strlen                         text10       02CE
_strncpy                        text1        03A3
_tapIndex                       bssBANK0     0051
_tapTimer                       bssBANK0     004F
_text_clear_send                text6        0219
_text_delete                    text5        03DB
_text_insert_char               text4        0370
_text_replace_prev_char         text3        01D6
_uppercase                      bssBANK0     0053
apply_case@c                    cstackBANK0  0024
btemp                           (abs)        007E
btemp0                          (abs)        007E
btemp1                          (abs)        007F
buzzer_beep@duration_ms         cstackBANK0  0020
clear_ram0                      clrtext      016A
end_of_initialization           cinit        07FD
init_fetch0                     inittext     01F6
init_ram0                       inittext     01FA
intlevel0                       functab      0000
intlevel1                       functab      0000
intlevel2                       functab      0000
intlevel3                       functab      0000
intlevel4                       functab      0000
intlevel5                       functab      0000
kb_scan@col                     cstackBANK0  0023
kb_scan@cols                    cstackBANK0  0021
kb_scan@row                     cstackBANK0  0022
lcd_char@c                      cstackBANK0  0026
lcd_cmd@cmd                     cstackBANK0  0028
lcd_refresh@i                   cstackBANK0  0034
lcd_refresh@rLen                cstackBANK0  0033
lcd_send_byte@data              cstackBANK0  0023
lcd_send_byte@rs                cstackBANK0  0025
lcd_send_nibble@nibble          cstackBANK0  0022
lcd_set_cursor@col              cstackBANK0  002C
lcd_set_cursor@row              cstackBANK0  0029
ltemp0a                         (abs)        0080
main@key                        cstackBANK0  004C
main@prevKey                    cstackBANK0  004B
main@rxLen                      cstackBANK0  004A
main@tmpBuf                     cstackBANK0  003C
memset@c                        cstackBANK0  0021
memset@dest                     cstackBANK0  0020
memset@n                        cstackBANK0  0023
memset@p                        cstackBANK0  0025
process_key@chars               cstackBANK0  0038
process_key@key                 cstackBANK0  0039
process_key@len                 cstackBANK0  0037
reset_vec                       reset_vec    0000
start                           init         0000
start_initialization            cinit        07EB
strlen@a                        cstackBANK0  0022
strlen@s                        cstackBANK0  0020
strncpy@cp                      cstackBANK0  0025
strncpy@d                       cstackBANK0  0020
strncpy@n                       cstackBANK0  0022
strncpy@s                       cstackBANK0  0021
text_delete@i                   cstackBANK0  0022
text_insert_char@c              cstackBANK0  0026
text_insert_char@i              cstackBANK0  0027
text_replace_prev_char@c        cstackBANK0  0025
ttemp0a                         (abs)        007F
wtemp0                          (abs)        007E
wtemp0a                         (abs)        007F


MODULE INFORMATION

Module		Function		Class		Link	Load	Size
C:\Program Files\Microchip\xc8\v3.10\pic\sources\c99\common\awmod.c
		___awmod       		CODE           	0419	0000	89

C:\Program Files\Microchip\xc8\v3.10\pic\sources\c99\common\awmod.c estimated size: 89

shared
		__stringtab    		STRING         	0002	0000	16
		__initialization		CODE           	07EB	0000	18

shared estimated size: 34

C:\Program Files\Microchip\xc8\v3.10\pic\sources\c99\common\strlen.c
		_strlen        		CODE           	02CE	0000	34

C:\Program Files\Microchip\xc8\v3.10\pic\sources\c99\common\strlen.c estimated size: 34

C:\Program Files\Microchip\xc8\v3.10\pic\sources\c99\common\memset.c
		_memset        		CODE           	025B	0000	27

C:\Program Files\Microchip\xc8\v3.10\pic\sources\c99\common\memset.c estimated size: 27

C:\Program Files\Microchip\xc8\v3.10\pic\sources\c99\common\strncpy.c
		_strncpy       		CODE           	03A3	0000	56

C:\Program Files\Microchip\xc8\v3.10\pic\sources\c99\common\strncpy.c estimated size: 56

main.c
		_process_key   		CODE           	070B	0000	224
		_lcd_cmd       		CODE           	0292	0000	29
		_lcd_send_byte 		CODE           	02F0	0000	40
		_I2C_Init_Master		CODE           	0207	0000	18
		_text_replace_prev_char		CODE           	01D6	0000	16
		_I2C_SendMessage		CODE           	0340	0000	48
		_apply_case    		CODE           	0318	0000	40
		_main          		CODE           	062D	0000	222
		_buzzer_beep   		CODE           	02AF	0000	31
		_lcd_char      		CODE           	0172	0000	10
		_kb_scan       		CODE           	0472	0000	98
		_lcd_refresh   		CODE           	05A4	0000	137
		_I2C_Write     		CODE           	0240	0000	27
		_lcd_set_cursor		CODE           	0276	0000	28
		_I2C_Stop      		CODE           	0187	0000	11
		_I2C_Wait      		CODE           	01AA	0000	13
		_I2C_Read      		CODE           	01C6	0000	16
		_lcd_send_nibble		CODE           	022C	0000	20
		_multitap_commit		CODE           	0162	0000	8
		_lcd_pulse_enable		CODE           	01B7	0000	15
		_I2C_PollMessage		CODE           	0537	0000	109
		_I2C_Ack       		CODE           	0192	0000	12
		_text_clear_send		CODE           	0219	0000	19
		_I2C_Nack      		CODE           	019E	0000	12
		_text_delete   		CODE           	03DB	0000	62
		_I2C_Start     		CODE           	017C	0000	11
		_text_insert_char		CODE           	0370	0000	51
		_lcd_init      		CODE           	04D4	0000	99

main.c estimated size: 1426

