Microchip MPLAB XC8 Compiler V3.10

Linker command line:

-W-3 \
  --edf=C:\Program Files\Microchip\xc8\v3.10\pic\dat\20250813170317_en.msgs \
  -cn -h+dist/default/production\I2C_Slave.X.production.sym \
  --cmf=dist/default/production\I2C_Slave.X.production.cmf -z -Q16F873A \
  -oC:\Users\irmin\AppData\Local\Temp\xcAs2mo.0\driver_tmp_3.o \
  --defsym=__MPLAB_BUILD=1 --fixupoverflow=error \
  -Mdist/default/production/I2C_Slave.X.production.map \
  --md=C:\Users\irmin\AppData\Local\Temp\xcAs2mo.0\driver_tmp_0.dat -E1 \
  -ver=XC8 Compiler -ACODE=00h-07FFhx2 -ASTRCODE=00h-0FFFh \
  -ASTRING=00h-0FFhx16 -ACONST=00h-0FFhx16 -AENTRY=00h-0FFhx16 \
  -ABANK0=020h-07Dh -ABANK1=0A0h-0FDh -ARAM=020h-07Dh,0A0h-0FDh \
  -AABS1=020h-07Fh,0A0h-0FFh -ACOMMON=07Eh-07Fh -ASFR0=00h-01Fh \
  -ASFR1=080h-09Fh -ASFR2=0100h-017Dh -ASFR3=0180h-01FDh \
  -ACONFIG=02007h-02007h -DCONFIG=2 -AIDLOC=02000h-02003h -DIDLOC=2 \
  -AEEDATA=00h-07Fh/02100h -peeprom_data=EEDATA -DEEDATA=2 -DCODE=2 \
  -DSTRCODE=2 -DSTRING=2 -DCONST=2 -DENTRY=2 \
  -preset_vec=00h,intentry=04h,sivt,init,end_init -ppowerup=CODE \
  -pcinit=CODE -pfunctab=ENTRY -k \
  C:\Users\irmin\AppData\Local\Temp\xcAs2mo.0\driver_tmp_12.o \
  dist/default/production\I2C_Slave.X.production.o 

Object code version is 3.11

Machine type is 16F873A



                Name                               Link     Load   Length Selector   Space Scale
C:\Users\irmin\AppData\Local\Temp\xcAs2mo.0\driver_tmp_12.o
                end_init                             11       11        2        8       0
                reset_vec                             0        0        2        0       0
                config                             2007     2007        1        0       4
dist/default/production\I2C_Slave.X.production.o
                cinit                                13       13       1B        8       0
                intentry                              4        4        D        8       0
                config                             2007     2007        1        0       4
                text23                              245      245       9F        8       0
                text22                              5E2      5E2       1F      9C0       0
                text21                              3D1      3D1       62        8       0
                text20                              6CA      6CA       10      9C0       0
                text19                              66E      66E       18      9C0       0
                text18                              579      579       28      9C0       0
                text17                              61D      61D       1C      9C0       0
                text16                              36D      36D       64        8       0
                text15                              6DA      6DA        A      9C0       0
                text14                              654      654       1A      9C0       0
                text13                              433      433       59        8       0
                text12                              551      551       28      9C0       0
                text11                              5C3      5C3       1F      9C0       0
                text10                              601      601       1C      9C0       0
                text9                               5A1      5A1       22      9C0       0
                text8                               2E4      2E4       89        8       0
                text7                               6EC      6EC        8      9C0       0
                text6                               639      639       1B      9C0       0
                text5                               686      686       13      9C0       0
                text4                               4E0      4E0       3E      9C0       0
                text3                               51E      51E       33      9C0       0
                text2                               6BA      6BA       10      9C0       0
                text1                               13E      13E      107        8       0
                maintext                             2E       2E      110        8       0
                cstackBANK0                          4A       4A       27       20       1
                clrtext                             6E4      6E4        8      9C0       0
                inittext                            699      699       11      9C0       0
                dataBANK1                            BC       BC       10       A0       1
                bssBANK1                             A0       A0       1C       A0       1
                bssBANK0                             20       20       2A       20       1
                strings                             48C      48C       54      918       0
                idataBANK1                          6AA      6AA       10      9C0       0

TOTAL           Name                               Link     Load   Length     Space
        CLASS   CODE           
                end_init                             11       11        2         0
                cinit                                13       13       1B         0
                intentry                              4        4        D         0
                reset_vec                             0        0        2         0
                text23                              245      245       9F         0
                text22                              5E2      5E2       1F         0
                text21                              3D1      3D1       62         0
                text20                              6CA      6CA       10         0
                text19                              66E      66E       18         0
                text18                              579      579       28         0
                text17                              61D      61D       1C         0
                text16                              36D      36D       64         0
                text15                              6DA      6DA        A         0
                text14                              654      654       1A         0
                text13                              433      433       59         0
                text12                              551      551       28         0
                text11                              5C3      5C3       1F         0
                text10                              601      601       1C         0
                text9                               5A1      5A1       22         0
                text8                               2E4      2E4       89         0
                text7                               6EC      6EC        8         0
                text6                               639      639       1B         0
                text5                               686      686       13         0
                text4                               4E0      4E0       3E         0
                text3                               51E      51E       33         0
                text2                               6BA      6BA       10         0
                text1                               13E      13E      107         0
                maintext                             2E       2E      110         0
                clrtext                             6E4      6E4        8         0
                inittext                            699      699       11         0
                idataBANK1                          6AA      6AA       10         0

        CLASS   STRCODE        

        CLASS   STRING         
                strings                             48C      48C       54         0

        CLASS   CONST          

        CLASS   ENTRY          

        CLASS   BANK0          
                cstackBANK0                          4A       4A       27         1
                bssBANK0                             20       20       2A         1

        CLASS   BANK1          
                dataBANK1                            BC       BC       10         1
                bssBANK1                             A0       A0       1C         1

        CLASS   RAM            

        CLASS   ABS1           
                abs_s1                               7E       7E        2         1

        CLASS   COMMON         

        CLASS   SFR0           

        CLASS   SFR1           

        CLASS   SFR2           

        CLASS   SFR3           

        CLASS   CONFIG         
                config                             2007     2007        1         4

        CLASS   IDLOC          

        CLASS   EEDATA         

        CLASS   BANK3          

        CLASS   BANK2          

        CLASS   HEAP           

        CLASS   STACK          



SEGMENTS        Name                           Load    Length   Top    Selector   Space  Class     Delta

                reset_vec                      000000  000002  000002         0       0  CODE        2
                intentry                       000004  000488  00048C         8       0  CODE        2
                bssBANK0                       000020  000051  000071        20       1  BANK0       1
                bssBANK1                       0000A0  00002C  0000CC        A0       1  BANK1       1
                strings                        00048C  000054  0004E0       918       0  STRING      2
                text4                          0004E0  000214  0006F4       9C0       0  CODE        2


UNUSED ADDRESS RANGES

        Name                Unused          Largest block    Delta
        BANK0            0071-007D              D           1
        BANK1            00CC-00FD             32           1
        CODE             0002-0003              2           2
                         06F4-0FFF            10C
        CONST            0002-0003              2           2
                         06F4-0FFF            100
        EEDATA           2100-217F             80           2
        ENTRY            0002-0003              2           2
                         06F4-0FFF            100
        IDLOC            2000-2003              4           2
        RAM              0071-007D              D           1
                         00CC-00FD             32
        SFR0             0000-001F             20           1
        SFR1             0080-009F             20           1
        SFR2             0100-017D             7E           1
        SFR3             0180-01FD             7E           1
        STRCODE          0002-0003              2           2
                         06F4-0FFF            90C
        STRING           0002-0003              2           2
                         06F4-0FFF            100

                                  Symbol Table

?___awmod                       cstackBANK0  0050
?_strlen                        cstackBANK0  0050
ISR@data                        cstackBANK0  004E
ISR@k                           cstackBANK0  004F
_ADCON1                         (abs)        009F
_I2C_Slave_Init                 text22       05E2
_INTCONbits                     (abs)        000B
_ISR                            text23       0245
_PIE1bits                       (abs)        008C
_PIR1bits                       (abs)        000C
_PORTA                          (abs)        0005
_PORTAbits                      (abs)        0005
_PORTB                          (abs)        0006
_PORTC                          (abs)        0007
_PORTCbits                      (abs)        0007
_SSPADD                         (abs)        0093
_SSPBUF                         (abs)        0013
_SSPCON                         (abs)        0014
_SSPCON2                        (abs)        0091
_SSPCONbits                     (abs)        0014
_SSPSTAT                        (abs)        0094
_SSPSTATbits                    (abs)        0094
_TRISA                          (abs)        0085
_TRISB                          (abs)        0086
_TRISC                          (abs)        0087
_TRISCbits                      (abs)        0087
__H__absolute__                 __absolute__ 0000
__Habs1                         abs1         0000
__Hbank0                        bank0        0000
__Hbank1                        bank1        0000
__Hbank2                        bank2        0000
__Hbank3                        bank3        0000
__HbssBANK0                     bssBANK0     0000
__HbssBANK1                     bssBANK1     0000
__Hcinit                        cinit        002E
__Hclrtext                      clrtext      0000
__Hcode                         code         0000
__Hcommon                       common       0000
__Hconfig                       config       2008
__HcstackBANK0                  cstackBANK0  0000
__HcstackCOMMON                 cstackCOMMON 0000
__HdataBANK1                    dataBANK1    0000
__Heeprom_data                  eeprom_data  0000
__Hend_init                     end_init     0013
__Hfunctab                      functab      0000
__Hheap                         heap         0000
__HidataBANK1                   idataBANK1   0000
__Hinit                         init         0011
__Hinittext                     inittext     0000
__Hintentry                     intentry     0011
__Hmaintext                     maintext     0000
__Hpowerup                      powerup      0000
__Hram                          ram          0000
__Hreset_vec                    reset_vec    0002
__Hsfr0                         sfr0         0000
__Hsfr1                         sfr1         0000
__Hsfr2                         sfr2         0000
__Hsfr3                         sfr3         0000
__Hsivt                         sivt         0011
__Hspace_0                      (abs)        06F4
__Hspace_1                      (abs)        00CC
__Hspace_2                      (abs)        0000
__Hspace_3                      (abs)        0000
__Hspace_4                      (abs)        400F
__Hstack                        stack        0000
__Hstrings                      strings      0000
__Htext                         text         0000
__L__absolute__                 __absolute__ 0000
__Labs1                         abs1         0000
__Lbank0                        bank0        0000
__Lbank1                        bank1        0000
__Lbank2                        bank2        0000
__Lbank3                        bank3        0000
__LbssBANK0                     bssBANK0     0000
__LbssBANK1                     bssBANK1     0000
__Lcinit                        cinit        0013
__Lclrtext                      clrtext      0000
__Lcode                         code         0000
__Lcommon                       common       0000
__Lconfig                       config       0000
__LcstackBANK0                  cstackBANK0  0000
__LcstackCOMMON                 cstackCOMMON 0000
__LdataBANK1                    dataBANK1    0000
__Leeprom_data                  eeprom_data  0000
__Lend_init                     end_init     0011
__Lfunctab                      functab      0000
__Lheap                         heap         0000
__LidataBANK1                   idataBANK1   0000
__Linit                         init         0011
__Linittext                     inittext     0000
__Lintentry                     intentry     0004
__Lmaintext                     maintext     0000
__Lpowerup                      powerup      0000
__Lram                          ram          0000
__Lreset_vec                    reset_vec    0000
__Lsfr0                         sfr0         0000
__Lsfr1                         sfr1         0000
__Lsfr2                         sfr2         0000
__Lsfr3                         sfr3         0000
__Lsivt                         sivt         0011
__Lspace_0                      (abs)        0000
__Lspace_1                      (abs)        0000
__Lspace_2                      (abs)        0000
__Lspace_3                      (abs)        0000
__Lspace_4                      (abs)        0000
__Lstack                        stack        0000
__Lstrings                      strings      0000
__Ltext                         text         0000
__S0                            (abs)        06F4
__S1                            (abs)        00CC
__S3                            (abs)        0000
___awmod                        text13       0433
___awmod@counter                cstackBANK0  0054
___awmod@dividend               cstackBANK0  0052
___awmod@divisor                cstackBANK0  0050
___awmod@sign                   cstackBANK0  0055
___heap_hi                      (abs)        0000
___heap_lo                      (abs)        0000
___int_sp                       stack        0000
___int_stack_hi                 stack        0000
___int_stack_lo                 stack        0000
___latbits                      (abs)        0001
___sp                           stack        0000
___stack_hi                     stack        0000
___stack_lo                     stack        0000
___stackhi                      (abs)        0000
___stacklo                      (abs)        0000
__end_of_I2C_Slave_Init         text22       0601
__end_of_ISR                    text23       02E4
__end_of___awmod                text13       048C
__end_of__initialization        cinit        002B
__end_of__stringtab             strings      049C
__end_of_apply_case             text12       0579
__end_of_buzzer_beep            text11       05E2
__end_of_kb_scan                text21       0433
__end_of_lcd_char               text15       06E4
__end_of_lcd_cmd                text17       0639
__end_of_lcd_init               text16       03D1
__end_of_lcd_print              text14       066E
__end_of_lcd_pulse_enable       text20       06DA
__end_of_lcd_refresh            text8        036D
__end_of_lcd_send_byte          text18       05A1
__end_of_lcd_send_nibble        text19       0686
__end_of_lcd_set_cursor         text10       061D
__end_of_main                   maintext     013E
__end_of_memset                 text6        0654
__end_of_multitap_commit        text7        06F4
__end_of_process_key            text1        0245
__end_of_strlen                 text9        05C3
__end_of_text_clear_send        text5        0699
__end_of_text_delete            text4        051E
__end_of_text_insert_char       text3        0551
__end_of_text_replace_prev_char text2        06CA
__initialization                cinit        0013
__pbssBANK0                     bssBANK0     0020
__pbssBANK1                     bssBANK1     00A0
__pcstackBANK0                  cstackBANK0  004A
__pcstackCOMMON                 cstackCOMMON 0000
__pdataBANK1                    dataBANK1    00BC
__pidataBANK1                   idataBANK1   06AA
__pintentry                     intentry     0004
__pmaintext                     maintext     002E
__pstrings                      strings      048C
__ptext1                        text1        013E
__ptext10                       text10       0601
__ptext11                       text11       05C3
__ptext12                       text12       0551
__ptext13                       text13       0433
__ptext14                       text14       0654
__ptext15                       text15       06DA
__ptext16                       text16       036D
__ptext17                       text17       061D
__ptext18                       text18       0579
__ptext19                       text19       066E
__ptext2                        text2        06BA
__ptext20                       text20       06CA
__ptext21                       text21       03D1
__ptext22                       text22       05E2
__ptext23                       text23       0245
__ptext3                        text3        051E
__ptext4                        text4        04E0
__ptext5                        text5        0686
__ptext6                        text6        0639
__ptext7                        text7        06EC
__ptext8                        text8        02E4
__ptext9                        text9        05A1
__stringbase                    strings      049B
__stringtab                     strings      048C
_apply_case                     text12       0551
_apply_case$437                 cstackBANK0  0052
_buzzer_beep                    text11       05C3
_cursorPos                      bssBANK0     002D
_kb_scan                        text21       03D1
_keyChars                       dataBANK1    00BC
_lastKey                        bssBANK0     002A
_lcd_char                       text15       06DA
_lcd_cmd                        text17       061D
_lcd_init                       text16       036D
_lcd_print                      text14       0654
_lcd_pulse_enable               text20       06CA
_lcd_refresh                    text8        02E4
_lcd_refresh$357                cstackBANK0  0060
_lcd_refresh$359                cstackBANK0  0062
_lcd_send_byte                  text18       0579
_lcd_send_nibble                text19       066E
_lcd_set_cursor                 text10       0601
_lcd_set_cursor$353             cstackBANK0  005B
_main                           maintext     002E
_memset                         text6        0639
_multitap_commit                text7        06EC
_newMsgFlag                     bssBANK0     0022
_process_key                    text1        013E
_recvBuf                        bssBANK1     00AE
_rxExpected                     bssBANK0     0025
_rxIdx                          bssBANK0     0024
_rxState                        bssBANK0     0023
_rxTmp                          bssBANK0     002E
_sendBuf                        bssBANK0     003C
_sendLen                        bssBANK0     002C
_strlen                         text9        05A1
_tapIndex                       bssBANK0     0029
_tapTimer                       bssBANK0     0020
_text_clear_send                text5        0686
_text_delete                    text4        04E0
_text_insert_char               text3        051E
_text_replace_prev_char         text2        06BA
_txBuf                          bssBANK1     00A0
_txConsumed                     bssBANK0     0026
_txIdx                          bssBANK0     0027
_txLen                          bssBANK0     0028
_uppercase                      bssBANK0     002B
apply_case@c                    cstackBANK0  0054
btemp                           (abs)        007E
btemp0                          (abs)        007E
btemp1                          (abs)        007F
buzzer_beep@duration_ms         cstackBANK0  0050
clear_ram0                      clrtext      06E4
end_of_initialization           cinit        002B
init_fetch0                     inittext     0699
init_ram0                       inittext     069D
interrupt_function              intentry     0004
intlevel0                       functab      0000
intlevel1                       functab      0000
intlevel2                       functab      0000
intlevel3                       functab      0000
intlevel4                       functab      0000
intlevel5                       functab      0000
kb_scan@col                     cstackBANK0  0053
kb_scan@cols                    cstackBANK0  0051
kb_scan@row                     cstackBANK0  0052
lcd_char@c                      cstackBANK0  0057
lcd_cmd@cmd                     cstackBANK0  0059
lcd_print@str                   cstackBANK0  0058
lcd_refresh@i                   cstackBANK0  0065
lcd_refresh@rLen                cstackBANK0  0064
lcd_send_byte@data              cstackBANK0  0054
lcd_send_byte@rs                cstackBANK0  0056
lcd_send_nibble@nibble          cstackBANK0  0052
lcd_send_nibble@tmp             cstackBANK0  0053
lcd_set_cursor@col              cstackBANK0  005D
lcd_set_cursor@row              cstackBANK0  005A
ltemp0a                         (abs)        0080
main@key                        cstackBANK0  0070
main@prevKey                    cstackBANK0  006F
memset@c                        cstackBANK0  0051
memset@dest                     cstackBANK0  0050
memset@n                        cstackBANK0  0053
memset@p                        cstackBANK0  0055
process_key@chars               cstackBANK0  006A
process_key@k                   cstackBANK0  0069
process_key@key                 cstackBANK0  006B
process_key@len                 cstackBANK0  0068
reset_vec                       reset_vec    0000
saved_w                         (abs)        007E
start                           init         0011
start_initialization            cinit        0013
strlen@a                        cstackBANK0  0052
strlen@s                        cstackBANK0  0050
text_delete@i                   cstackBANK0  0052
text_insert_char@c              cstackBANK0  0056
text_insert_char@i              cstackBANK0  0057
text_replace_prev_char@c        cstackBANK0  0055
ttemp0a                         (abs)        007F
wtemp0                          (abs)        007E
wtemp0a                         (abs)        007F


MODULE INFORMATION

Module		Function		Class		Link	Load	Size
C:\Program Files\Microchip\xc8\v3.10\pic\sources\c99\common\awmod.c
		___awmod       		CODE           	0433	0000	89

C:\Program Files\Microchip\xc8\v3.10\pic\sources\c99\common\awmod.c estimated size: 89

shared
		__stringtab    		STRING         	048C	0000	16
		__initialization		CODE           	0013	0000	24

shared estimated size: 40

C:\Program Files\Microchip\xc8\v3.10\pic\sources\c99\common\strlen.c
		_strlen        		CODE           	05A1	0000	34

C:\Program Files\Microchip\xc8\v3.10\pic\sources\c99\common\strlen.c estimated size: 34

C:\Program Files\Microchip\xc8\v3.10\pic\sources\c99\common\memset.c
		_memset        		CODE           	0639	0000	27

C:\Program Files\Microchip\xc8\v3.10\pic\sources\c99\common\memset.c estimated size: 27

main.c
		_process_key   		CODE           	013E	0000	263
		_lcd_cmd       		CODE           	061D	0000	28
		_ISR           		CODE           	0245	0000	159
		_lcd_send_byte 		CODE           	0579	0000	40
		_text_replace_prev_char		CODE           	06BA	0000	16
		_apply_case    		CODE           	0551	0000	40
		_main          		CODE           	002E	0000	272
		_buzzer_beep   		CODE           	05C3	0000	31
		_lcd_char      		CODE           	06DA	0000	10
		_kb_scan       		CODE           	03D1	0000	98
		_lcd_refresh   		CODE           	02E4	0000	137
		_I2C_Slave_Init		CODE           	05E2	0000	31
		_lcd_set_cursor		CODE           	0601	0000	28
		_lcd_print     		CODE           	0654	0000	26
		_lcd_send_nibble		CODE           	066E	0000	24
		_multitap_commit		CODE           	06EC	0000	8
		_lcd_pulse_enable		CODE           	06CA	0000	16
		_text_clear_send		CODE           	0686	0000	19
		_text_delete   		CODE           	04E0	0000	62
		_text_insert_char		CODE           	051E	0000	51
		_lcd_init      		CODE           	036D	0000	100

main.c estimated size: 1459

